error: Attribute may be used on traits and extern blocks only
